// Jest Snapshot v1, https://goo.gl/fbAQLP

exports[`Misi component testing using snapshots Test Rockets component renders 1`] = `
Array [
  <link
    crossOrigin="anonymous"
    href="https://cdn.jsdelivr.net/npm/bootstrap@5.2.0-beta1/dist/css/bootstrap.min.css"
    integrity="sha384-0evHe/X+R7YkIZDRvuzKMRqM+OrBnVFBL6DOitfPri4tjfHxaWutUpFmBp4vmVor"
    rel="stylesheet"
  />,
  <table
    className="table table-striped table-bordered table-hover"
  >
    <thead>
      <tr>
        <th>
          Mission
        </th>
        <th>
          Description
        </th>
        <th>
          Status
        </th>
        <th>
           
        </th>
      </tr>
    </thead>
    <tbody />
  </table>,
]
`;

exports[`Missions component testing using snapshots Test Missions component renders 1`] = `
Array [
  <link
    crossOrigin="anonymous"
    href="https://cdn.jsdelivr.net/npm/bootstrap@5.2.0-beta1/dist/css/bootstrap.min.css"
    integrity="sha384-0evHe/X+R7YkIZDRvuzKMRqM+OrBnVFBL6DOitfPri4tjfHxaWutUpFmBp4vmVor"
    rel="stylesheet"
  />,
  <table
    className="table table-striped table-bordered table-hover"
  >
    <thead>
      <tr>
        <th>
          Mission
        </th>
        <th>
          Description
        </th>
        <th>
          Status
        </th>
        <th>
           
        </th>
      </tr>
    </thead>
    <tbody />
  </table>,
]
`;

exports[`Missions component testing using snapshots Test Rockets component renders 1`] = `
Array [
  <link
    crossOrigin="anonymous"
    href="https://cdn.jsdelivr.net/npm/bootstrap@5.2.0-beta1/dist/css/bootstrap.min.css"
    integrity="sha384-0evHe/X+R7YkIZDRvuzKMRqM+OrBnVFBL6DOitfPri4tjfHxaWutUpFmBp4vmVor"
    rel="stylesheet"
  />,
  <table
    className="table table-striped table-bordered table-hover"
  >
    <thead>
      <tr>
        <th>
          Mission
        </th>
        <th>
          Description
        </th>
        <th>
          Status
        </th>
        <th>
           
        </th>
      </tr>
    </thead>
    <tbody />
  </table>,
]
`;

exports[`Rockets component testing using snapshots Test Rockets component renders 1`] = `
Array [
  <link
    crossOrigin="anonymous"
    href="https://cdn.jsdelivr.net/npm/bootstrap@5.2.0-beta1/dist/css/bootstrap.min.css"
    integrity="sha384-0evHe/X+R7YkIZDRvuzKMRqM+OrBnVFBL6DOitfPri4tjfHxaWutUpFmBp4vmVor"
    rel="stylesheet"
  />,
  <table
    className="table table-striped table-bordered table-hover"
  >
    <thead>
      <tr>
        <th>
          Mission
        </th>
        <th>
          Description
        </th>
        <th>
          Status
        </th>
        <th>
           
        </th>
      </tr>
    </thead>
    <tbody />
  </table>,
]
`;
